T15243.hs:(11,3)-(17,6): Splicing declarations
    [d| type F :: k -> k
        
        type family F a where
          F 'Unit = 'Unit
          F '(,) = '(,)
          F '[] = '[]
          F '(:) = '(:) |]
  ======>
    type F :: k -> k
    type family F a where
      F 'Unit = 'Unit
      F '(,) = '(,)
      F '[] = '[]
      F '(:) = '(:)
