
GadtOverlap.hs:19:1: warning: [-Wincomplete-patterns (in -Wextra)]
    Pattern match(es) are non-exhaustive
    In an equation for ‘h’:
        Patterns not matched: p where p is not one of {T1, T2}
