type family T1 @k @(a :: k) :: Type 	-- Defined at T16724.hs:11:1
type family T2 @{k} @(a :: k) :: Type 	-- Defined at T16724.hs:15:1
