
T16722.hs:8:11: error:
    Unexpected kind variable ‘k’
    Perhaps you intended to use PolyKinds
    In the top-level kind signature for D
