
T16725.hs:8:6: error:
    The top-level kind signature for ‘W’ lacks an accompanying binding
