
completesig06.hs:13:1: warning: [-Wincomplete-patterns (in -Wextra)]
    Pattern match(es) are non-exhaustive
    In an equation for ‘m1’:
        Patterns not matched: p where p is not one of {A}

completesig06.hs:16:1: warning: [-Wincomplete-patterns (in -Wextra)]
    Pattern match(es) are non-exhaustive
    In an equation for ‘m2’:
        Patterns not matched: p where p is not one of {B, C}

completesig06.hs:20:1: warning: [-Wincomplete-patterns (in -Wextra)]
    Pattern match(es) are non-exhaustive
    In an equation for ‘m3’:
        Patterns not matched: p where p is not one of {C}

completesig06.hs:23:1: warning: [-Wincomplete-patterns (in -Wextra)]
    Pattern match(es) are non-exhaustive
    In an equation for ‘m4’:
        Patterns not matched:
            A p where p is not one of {E, F}
            B p where p is not one of {F, E}

completesig06.hs:29:1: warning: [-Wincomplete-patterns (in -Wextra)]
    Pattern match(es) are non-exhaustive
    In an equation for ‘m5’:
        Patterns not matched: p _ where p is not one of {C}
