
pmc007.hs:7:1: warning: [-Wincomplete-patterns (in -Wextra)]
    Pattern match(es) are non-exhaustive
    In an equation for ‘f’:
        Patterns not matched: p where p is not one of {"ab", "ac"}

pmc007.hs:12:1: warning: [-Wincomplete-patterns (in -Wextra)]
    Pattern match(es) are non-exhaustive
    In an equation for ‘g’:
        Patterns not matched:
            ('a':'b':p) where p is not one of {[]}
            ('a':'c':p) where p is not one of {[]}
            ('a':p:_) where p is not one of {'b', 'c'}
            ('a':p) where p is not one of {:}
            ...

pmc007.hs:18:11: warning: [-Wincomplete-patterns (in -Wextra)]
    Pattern match(es) are non-exhaustive
    In a case alternative:
        Patterns not matched:
            ('a':'b':p) where p is not one of {[]}
            ('a':'c':p) where p is not one of {[]}
            ('a':p:_) where p is not one of {'b', 'c'}
            ('a':p) where p is not one of {:}
            ...
