
T9951b.hs:7:1: warning: [-Wincomplete-patterns (in -Wextra)]
    Pattern match(es) are non-exhaustive
    In an equation for ‘f’:
        Patterns not matched:
            ('a':'b':p) where p is not one of {[]}
            ('a':p:_) where p is not one of {'b'}
            ('a':p) where p is not one of {:}
            (p:_) where p is not one of {'a'}
            ...
